Archive member included because of file (symbol)

/Users/matthew/code/embedded/scooter/arm/CMSIS_CORE_LPC17xx/Debug/libCMSIS_CORE_LPC17xx.a(system_LPC17xx.o)
                              ./src/cr_startup_lpc175x_6x.o (SystemInit)
/Applications/lpcxpresso_6.1.0_164/lpcxpresso/tools/bin/../lib/gcc/arm-none-eabi/4.6.2/../../../../arm-none-eabi/lib/armv7-m/libcr_c.a(__weak__main.o)
                              ./src/cr_startup_lpc175x_6x.o (__main)
/Applications/lpcxpresso_6.1.0_164/lpcxpresso/tools/bin/../lib/gcc/arm-none-eabi/4.6.2/armv7-m/libcr_eabihelpers.a(division.o)
                              /Users/matthew/code/embedded/scooter/arm/CMSIS_CORE_LPC17xx/Debug/libCMSIS_CORE_LPC17xx.a(system_LPC17xx.o) (__aeabi_uldivmod)
/Applications/lpcxpresso_6.1.0_164/lpcxpresso/tools/bin/../lib/gcc/arm-none-eabi/4.6.2/armv7-m/libcr_eabihelpers.a(float.o)
                              ./src/lsm303.o (__aeabi_i2f)

Allocating common symbols
Common symbol       size              file

i2c_status_buf      0x64              ./src/i2c.o
irqn                0x1               ./src/i2c.o
i2c_status_pos      0x4               ./src/i2c.o
regs                0x4               ./src/i2c.o
lsm303Data_EMPTY    0x1c              ./src/lsm303.o

Discarded input sections

 .text          0x0000000000000000        0x0 ./src/cr_startup_lpc175x_6x.o
 .data          0x0000000000000000        0x0 ./src/cr_startup_lpc175x_6x.o
 .bss           0x0000000000000000        0x0 ./src/cr_startup_lpc175x_6x.o
 .text          0x0000000000000000        0x0 ./src/i2c.o
 .data          0x0000000000000000        0x0 ./src/i2c.o
 .bss           0x0000000000000000        0x0 ./src/i2c.o
 .text.i2c_buf  0x0000000000000000       0x14 ./src/i2c.o
 .text.i2c_pos  0x0000000000000000       0x18 ./src/i2c.o
 .text          0x0000000000000000        0x0 ./src/lsm303.o
 .data          0x0000000000000000        0x0 ./src/lsm303.o
 .bss           0x0000000000000000        0x0 ./src/lsm303.o
 .text.read8    0x0000000000000000       0x5c ./src/lsm303.o
 .text.lsm303_setMagGain
                0x0000000000000000       0x24 ./src/lsm303.o
 COMMON         0x0000000000000000       0x1c ./src/lsm303.o
 .text          0x0000000000000000        0x0 ./src/main.o
 .data          0x0000000000000000        0x0 ./src/main.o
 .bss           0x0000000000000000        0x0 ./src/main.o
 .crp           0x0000000000000000        0x4 ./src/main.o
 .text          0x0000000000000000        0x0 /Users/matthew/code/embedded/scooter/arm/CMSIS_CORE_LPC17xx/Debug/libCMSIS_CORE_LPC17xx.a(system_LPC17xx.o)
 .data          0x0000000000000000        0x0 /Users/matthew/code/embedded/scooter/arm/CMSIS_CORE_LPC17xx/Debug/libCMSIS_CORE_LPC17xx.a(system_LPC17xx.o)
 .bss           0x0000000000000000        0x0 /Users/matthew/code/embedded/scooter/arm/CMSIS_CORE_LPC17xx/Debug/libCMSIS_CORE_LPC17xx.a(system_LPC17xx.o)
 .text.SystemCoreClockUpdate
                0x0000000000000000       0xcc /Users/matthew/code/embedded/scooter/arm/CMSIS_CORE_LPC17xx/Debug/libCMSIS_CORE_LPC17xx.a(system_LPC17xx.o)
 .text          0x0000000000000000        0x0 /Applications/lpcxpresso_6.1.0_164/lpcxpresso/tools/bin/../lib/gcc/arm-none-eabi/4.6.2/../../../../arm-none-eabi/lib/armv7-m/libcr_c.a(__weak__main.o)
 .data          0x0000000000000000        0x0 /Applications/lpcxpresso_6.1.0_164/lpcxpresso/tools/bin/../lib/gcc/arm-none-eabi/4.6.2/../../../../arm-none-eabi/lib/armv7-m/libcr_c.a(__weak__main.o)
 .bss           0x0000000000000000        0x0 /Applications/lpcxpresso_6.1.0_164/lpcxpresso/tools/bin/../lib/gcc/arm-none-eabi/4.6.2/../../../../arm-none-eabi/lib/armv7-m/libcr_c.a(__weak__main.o)
 .text          0x0000000000000000        0x0 /Applications/lpcxpresso_6.1.0_164/lpcxpresso/tools/bin/../lib/gcc/arm-none-eabi/4.6.2/armv7-m/libcr_eabihelpers.a(division.o)
 .data          0x0000000000000000        0x0 /Applications/lpcxpresso_6.1.0_164/lpcxpresso/tools/bin/../lib/gcc/arm-none-eabi/4.6.2/armv7-m/libcr_eabihelpers.a(division.o)
 .bss           0x0000000000000000        0x0 /Applications/lpcxpresso_6.1.0_164/lpcxpresso/tools/bin/../lib/gcc/arm-none-eabi/4.6.2/armv7-m/libcr_eabihelpers.a(division.o)
 .text.__aeabi_division_idiv
                0x0000000000000000       0x10 /Applications/lpcxpresso_6.1.0_164/lpcxpresso/tools/bin/../lib/gcc/arm-none-eabi/4.6.2/armv7-m/libcr_eabihelpers.a(division.o)
 .text.__aeabi_division_idivmod
                0x0000000000000000       0x16 /Applications/lpcxpresso_6.1.0_164/lpcxpresso/tools/bin/../lib/gcc/arm-none-eabi/4.6.2/armv7-m/libcr_eabihelpers.a(division.o)
 .text.__aeabi_division_uidiv
                0x0000000000000000       0x10 /Applications/lpcxpresso_6.1.0_164/lpcxpresso/tools/bin/../lib/gcc/arm-none-eabi/4.6.2/armv7-m/libcr_eabihelpers.a(division.o)
 .text.__aeabi_division_uidivmod
                0x0000000000000000       0x16 /Applications/lpcxpresso_6.1.0_164/lpcxpresso/tools/bin/../lib/gcc/arm-none-eabi/4.6.2/armv7-m/libcr_eabihelpers.a(division.o)
 .text.__aeabi_division_ldivmod
                0x0000000000000000       0x26 /Applications/lpcxpresso_6.1.0_164/lpcxpresso/tools/bin/../lib/gcc/arm-none-eabi/4.6.2/armv7-m/libcr_eabihelpers.a(division.o)
 .text.__aeabi_division_uldivmod
                0x0000000000000000      0x174 /Applications/lpcxpresso_6.1.0_164/lpcxpresso/tools/bin/../lib/gcc/arm-none-eabi/4.6.2/armv7-m/libcr_eabihelpers.a(division.o)
 .text.__aeabi_division_idiv0
                0x0000000000000000        0x2 /Applications/lpcxpresso_6.1.0_164/lpcxpresso/tools/bin/../lib/gcc/arm-none-eabi/4.6.2/armv7-m/libcr_eabihelpers.a(division.o)
 .text.__aeabi_division_ldiv0
                0x0000000000000000        0x2 /Applications/lpcxpresso_6.1.0_164/lpcxpresso/tools/bin/../lib/gcc/arm-none-eabi/4.6.2/armv7-m/libcr_eabihelpers.a(division.o)
 .text          0x0000000000000000        0x0 /Applications/lpcxpresso_6.1.0_164/lpcxpresso/tools/bin/../lib/gcc/arm-none-eabi/4.6.2/armv7-m/libcr_eabihelpers.a(float.o)
 .data          0x0000000000000000        0x0 /Applications/lpcxpresso_6.1.0_164/lpcxpresso/tools/bin/../lib/gcc/arm-none-eabi/4.6.2/armv7-m/libcr_eabihelpers.a(float.o)
 .bss           0x0000000000000000        0x0 /Applications/lpcxpresso_6.1.0_164/lpcxpresso/tools/bin/../lib/gcc/arm-none-eabi/4.6.2/armv7-m/libcr_eabihelpers.a(float.o)
 .text.__aeabi_fmul
                0x0000000000000000       0xc0 /Applications/lpcxpresso_6.1.0_164/lpcxpresso/tools/bin/../lib/gcc/arm-none-eabi/4.6.2/armv7-m/libcr_eabihelpers.a(float.o)
 .text.__aeabi_fdiv
                0x0000000000000000       0xc4 /Applications/lpcxpresso_6.1.0_164/lpcxpresso/tools/bin/../lib/gcc/arm-none-eabi/4.6.2/armv7-m/libcr_eabihelpers.a(float.o)
 .text.__aeabi_fsub
                0x0000000000000000       0xe8 /Applications/lpcxpresso_6.1.0_164/lpcxpresso/tools/bin/../lib/gcc/arm-none-eabi/4.6.2/armv7-m/libcr_eabihelpers.a(float.o)
 .text.__aeabi_frsub
                0x0000000000000000        0xc /Applications/lpcxpresso_6.1.0_164/lpcxpresso/tools/bin/../lib/gcc/arm-none-eabi/4.6.2/armv7-m/libcr_eabihelpers.a(float.o)
 .text.__aeabi_fadd
                0x0000000000000000       0xa4 /Applications/lpcxpresso_6.1.0_164/lpcxpresso/tools/bin/../lib/gcc/arm-none-eabi/4.6.2/armv7-m/libcr_eabihelpers.a(float.o)
 .text.__aeabi_fneg
                0x0000000000000000        0x8 /Applications/lpcxpresso_6.1.0_164/lpcxpresso/tools/bin/../lib/gcc/arm-none-eabi/4.6.2/armv7-m/libcr_eabihelpers.a(float.o)
 .text.__aeabi_f2iz
                0x0000000000000000       0x34 /Applications/lpcxpresso_6.1.0_164/lpcxpresso/tools/bin/../lib/gcc/arm-none-eabi/4.6.2/armv7-m/libcr_eabihelpers.a(float.o)
 .text.__aeabi_f2uiz
                0x0000000000000000       0x28 /Applications/lpcxpresso_6.1.0_164/lpcxpresso/tools/bin/../lib/gcc/arm-none-eabi/4.6.2/armv7-m/libcr_eabihelpers.a(float.o)
 .text.__aeabi_f2lz
                0x0000000000000000       0x5c /Applications/lpcxpresso_6.1.0_164/lpcxpresso/tools/bin/../lib/gcc/arm-none-eabi/4.6.2/armv7-m/libcr_eabihelpers.a(float.o)
 .text.__aeabi_f2ulz
                0x0000000000000000       0x3c /Applications/lpcxpresso_6.1.0_164/lpcxpresso/tools/bin/../lib/gcc/arm-none-eabi/4.6.2/armv7-m/libcr_eabihelpers.a(float.o)
 .text.__bhs_ul2f
                0x0000000000000000       0x50 /Applications/lpcxpresso_6.1.0_164/lpcxpresso/tools/bin/../lib/gcc/arm-none-eabi/4.6.2/armv7-m/libcr_eabihelpers.a(float.o)
 .text.__aeabi_ui2f
                0x0000000000000000        0x8 /Applications/lpcxpresso_6.1.0_164/lpcxpresso/tools/bin/../lib/gcc/arm-none-eabi/4.6.2/armv7-m/libcr_eabihelpers.a(float.o)
 .text.__aeabi_l2f
                0x0000000000000000       0x24 /Applications/lpcxpresso_6.1.0_164/lpcxpresso/tools/bin/../lib/gcc/arm-none-eabi/4.6.2/armv7-m/libcr_eabihelpers.a(float.o)
 .text.__aeabi_ul2f
                0x0000000000000000        0x8 /Applications/lpcxpresso_6.1.0_164/lpcxpresso/tools/bin/../lib/gcc/arm-none-eabi/4.6.2/armv7-m/libcr_eabihelpers.a(float.o)
 .text.__aeabi_f2d
                0x0000000000000000       0x3c /Applications/lpcxpresso_6.1.0_164/lpcxpresso/tools/bin/../lib/gcc/arm-none-eabi/4.6.2/armv7-m/libcr_eabihelpers.a(float.o)
 .text.__aeabi_fcmpeq
                0x0000000000000000       0x20 /Applications/lpcxpresso_6.1.0_164/lpcxpresso/tools/bin/../lib/gcc/arm-none-eabi/4.6.2/armv7-m/libcr_eabihelpers.a(float.o)
 .text.__aeabi_fcmplt
                0x0000000000000000       0x40 /Applications/lpcxpresso_6.1.0_164/lpcxpresso/tools/bin/../lib/gcc/arm-none-eabi/4.6.2/armv7-m/libcr_eabihelpers.a(float.o)
 .text.__aeabi_fcmpgt
                0x0000000000000000       0x40 /Applications/lpcxpresso_6.1.0_164/lpcxpresso/tools/bin/../lib/gcc/arm-none-eabi/4.6.2/armv7-m/libcr_eabihelpers.a(float.o)
 .text.__aeabi_fcmple
                0x0000000000000000       0x40 /Applications/lpcxpresso_6.1.0_164/lpcxpresso/tools/bin/../lib/gcc/arm-none-eabi/4.6.2/armv7-m/libcr_eabihelpers.a(float.o)
 .text.__aeabi_fcmpge
                0x0000000000000000       0x40 /Applications/lpcxpresso_6.1.0_164/lpcxpresso/tools/bin/../lib/gcc/arm-none-eabi/4.6.2/armv7-m/libcr_eabihelpers.a(float.o)
 .text.__aeabi_fcmpun
                0x0000000000000000       0x1c /Applications/lpcxpresso_6.1.0_164/lpcxpresso/tools/bin/../lib/gcc/arm-none-eabi/4.6.2/armv7-m/libcr_eabihelpers.a(float.o)
 .text.__aeabi_cfcmple
                0x0000000000000000       0x40 /Applications/lpcxpresso_6.1.0_164/lpcxpresso/tools/bin/../lib/gcc/arm-none-eabi/4.6.2/armv7-m/libcr_eabihelpers.a(float.o)
 .text.__aeabi_cfrcmple
                0x0000000000000000        0xc /Applications/lpcxpresso_6.1.0_164/lpcxpresso/tools/bin/../lib/gcc/arm-none-eabi/4.6.2/armv7-m/libcr_eabihelpers.a(float.o)

Memory Configuration

Name             Origin             Length             Attributes
MFlash512        0x0000000000000000 0x0000000000080000 xr
RamLoc32         0x0000000010000000 0x0000000000008000 xrw
RamAHB32         0x000000002007c000 0x0000000000008000 xrw
*default*        0x0000000000000000 0xffffffffffffffff

Linker script and memory map

LOAD ./src/cr_startup_lpc175x_6x.o
LOAD ./src/i2c.o
LOAD ./src/lsm303.o
LOAD ./src/main.o
LOAD /Users/matthew/code/embedded/scooter/arm/CMSIS_CORE_LPC17xx/Debug/libCMSIS_CORE_LPC17xx.a
START GROUP
LOAD /Applications/lpcxpresso_6.1.0_164/lpcxpresso/tools/bin/../lib/gcc/arm-none-eabi/4.6.2/../../../../arm-none-eabi/lib/armv7-m/libcr_c.a
LOAD /Applications/lpcxpresso_6.1.0_164/lpcxpresso/tools/bin/../lib/gcc/arm-none-eabi/4.6.2/armv7-m/libcr_eabihelpers.a
END GROUP
                0x0000000000080000                __top_MFlash512 = 0x80000
                0x0000000010008000                __top_RamLoc32 = 0x10008000
                0x0000000020084000                __top_RamAHB32 = 0x20084000

.text           0x0000000000000000      0xd00
 FILL mask 0xff
                0x0000000000000000                __vectors_start__ = ABSOLUTE (.)
 *(.isr_vector)
 .isr_vector    0x0000000000000000       0xcc ./src/cr_startup_lpc175x_6x.o
                0x0000000000000000                g_pfnVectors
                0x00000000000000cc                . = ALIGN (0x4)
                0x00000000000000cc                __section_table_start = .
                0x00000000000000cc                __data_section_table = .
                0x00000000000000cc        0x4 LONG 0xd00 LOADADDR (.data)
                0x00000000000000d0        0x4 LONG 0x10000000 ADDR (.data)
                0x00000000000000d4        0x4 LONG 0x8 SIZEOF (.data)
                0x00000000000000d8        0x4 LONG 0xd00 LOADADDR (.data_RAM2)
                0x00000000000000dc        0x4 LONG 0x2007c000 ADDR (.data_RAM2)
                0x00000000000000e0        0x4 LONG 0x0 SIZEOF (.data_RAM2)
                0x00000000000000e4                __data_section_table_end = .
                0x00000000000000e4                __bss_section_table = .
                0x00000000000000e4        0x4 LONG 0x10000008 ADDR (.bss)
                0x00000000000000e8        0x4 LONG 0x84 SIZEOF (.bss)
                0x00000000000000ec        0x4 LONG 0x2007c000 ADDR (.bss_RAM2)
                0x00000000000000f0        0x4 LONG 0x0 SIZEOF (.bss_RAM2)
                0x00000000000000f4                __bss_section_table_end = .
                0x00000000000000f4                __section_table_end = .
 *(.after_vectors*)
 .after_vectors
                0x00000000000000f4       0x78 ./src/cr_startup_lpc175x_6x.o
                0x00000000000000f4                NMI_Handler
                0x00000000000000f6                HardFault_Handler
                0x00000000000000f8                MemManage_Handler
                0x00000000000000fa                BusFault_Handler
                0x00000000000000fc                UsageFault_Handler
                0x00000000000000fe                SVC_Handler
                0x0000000000000100                DebugMon_Handler
                0x0000000000000102                PendSV_Handler
                0x0000000000000104                SysTick_Handler
                0x0000000000000106                data_init
                0x0000000000000118                bss_init
                0x0000000000000128                ResetISR
                0x0000000000000168                PLL0_IRQHandler
                0x0000000000000168                CAN_IRQHandler
                0x0000000000000168                PLL1_IRQHandler
                0x0000000000000168                SSP0_IRQHandler
                0x0000000000000168                TIMER2_IRQHandler
                0x0000000000000168                I2C2_IRQHandler
                0x0000000000000168                RTC_IRQHandler
                0x0000000000000168                TIMER0_IRQHandler
                0x0000000000000168                SPI_IRQHandler
                0x0000000000000168                EINT1_IRQHandler
                0x0000000000000168                TIMER1_IRQHandler
                0x0000000000000168                UART2_IRQHandler
                0x0000000000000168                ADC_IRQHandler
                0x0000000000000168                SSP1_IRQHandler
                0x0000000000000168                USB_IRQHandler
                0x0000000000000168                BOD_IRQHandler
                0x0000000000000168                WDT_IRQHandler
                0x0000000000000168                QEI_IRQHandler
                0x0000000000000168                EINT0_IRQHandler
                0x0000000000000168                DMA_IRQHandler
                0x0000000000000168                UART3_IRQHandler
                0x0000000000000168                MCPWM_IRQHandler
                0x0000000000000168                ENET_IRQHandler
                0x0000000000000168                I2S_IRQHandler
                0x0000000000000168                RIT_IRQHandler
                0x0000000000000168                USBActivity_IRQHandler
                0x0000000000000168                PWM1_IRQHandler
                0x0000000000000168                I2C1_IRQHandler
                0x0000000000000168                EINT2_IRQHandler
                0x0000000000000168                UART1_IRQHandler
                0x0000000000000168                EINT3_IRQHandler
                0x0000000000000168                CANActivity_IRQHandler
                0x0000000000000168                TIMER3_IRQHandler
                0x0000000000000168                UART0_IRQHandler
                0x0000000000000168                IntDefaultHandler
 *(.text*)
 .text.NVIC_EnableIRQ
                0x000000000000016c       0x38 ./src/i2c.o
 .text.NVIC_SetPriority
                0x00000000000001a4       0x5c ./src/i2c.o
 .text.i2c_init
                0x0000000000000200      0x178 ./src/i2c.o
                0x0000000000000200                i2c_init
 .text.i2c_send
                0x0000000000000378       0xa0 ./src/i2c.o
                0x0000000000000378                i2c_send
 .text.i2c_recv
                0x0000000000000418       0xa0 ./src/i2c.o
                0x0000000000000418                i2c_recv
 .text.I2C0_IRQHandler
                0x00000000000004b8      0x4d8 ./src/i2c.o
                0x00000000000004b8                I2C0_IRQHandler
 .text.to_read_address
                0x0000000000000990       0x28 ./src/i2c.o
 .text.to_write_address
                0x00000000000009b8       0x20 ./src/i2c.o
 .text.write8   0x00000000000009d8       0x60 ./src/lsm303.o
                0x00000000000009d8                write8
 .text.lsm303_begin
                0x0000000000000a38       0x54 ./src/lsm303.o
                0x0000000000000a38                lsm303_begin
 .text.lsm303_read
                0x0000000000000a8c      0x120 ./src/lsm303.o
                0x0000000000000a8c                lsm303_read
 .text.main     0x0000000000000bac       0x34 ./src/main.o
                0x0000000000000bac                main
 .text.SystemInit
                0x0000000000000be0       0xe4 /Users/matthew/code/embedded/scooter/arm/CMSIS_CORE_LPC17xx/Debug/libCMSIS_CORE_LPC17xx.a(system_LPC17xx.o)
                0x0000000000000be0                SystemInit
 .text.__weak_main
                0x0000000000000cc4        0x4 /Applications/lpcxpresso_6.1.0_164/lpcxpresso/tools/bin/../lib/gcc/arm-none-eabi/4.6.2/../../../../arm-none-eabi/lib/armv7-m/libcr_c.a(__weak__main.o)
                0x0000000000000cc4                __main
                0x0000000000000cc4                __weak_main
 .text.__bhs_ui2f
                0x0000000000000cc8       0x28 /Applications/lpcxpresso_6.1.0_164/lpcxpresso/tools/bin/../lib/gcc/arm-none-eabi/4.6.2/armv7-m/libcr_eabihelpers.a(float.o)
                0x0000000000000cc8                __bhs_ui2f
 .text.__aeabi_i2f
                0x0000000000000cf0       0x10 /Applications/lpcxpresso_6.1.0_164/lpcxpresso/tools/bin/../lib/gcc/arm-none-eabi/4.6.2/armv7-m/libcr_eabihelpers.a(float.o)
                0x0000000000000cf0                __aeabi_i2f
 *(.rodata .rodata.*)
                0x0000000000000d00                . = ALIGN (0x4)

.glue_7         0x0000000000000d00        0x0
 .glue_7        0x0000000000000000        0x0 linker stubs

.glue_7t        0x0000000000000d00        0x0
 .glue_7t       0x0000000000000000        0x0 linker stubs

.vfp11_veneer   0x0000000000000d00        0x0
 .vfp11_veneer  0x0000000000000000        0x0 linker stubs

.v4_bx          0x0000000000000d00        0x0
 .v4_bx         0x0000000000000000        0x0 linker stubs

.ARM.extab
 *(.ARM.extab* .gnu.linkonce.armextab.*)
                0x0000000000000d00                __exidx_start = .

.ARM.exidx
 *(.ARM.exidx* .gnu.linkonce.armexidx.*)
                0x0000000000000d00                __exidx_end = .
                0x0000000000000d00                _etext = .

.data_RAM2      0x000000002007c000        0x0 load address 0x0000000000000d00
 FILL mask 0xff
 *(.data.$RAM2*)
 *(.data.$RamAHB32*)
                0x000000002007c000                . = ALIGN (0x4)

.uninit_RESERVED
                0x0000000010000000        0x0
 *(.bss.$RESERVED*)
                0x0000000010000000                . = ALIGN (0x4)
                0x0000000010000000                _end_uninit_RESERVED = .

.data           0x0000000010000000        0x8 load address 0x0000000000000d00
 FILL mask 0xff
                0x0000000010000000                _data = .
 *(vtable)
 *(.data*)
 .data.ignore_data_nack
                0x0000000010000000        0x4 ./src/i2c.o
                0x0000000010000000                ignore_data_nack
 .data.SystemCoreClock
                0x0000000010000004        0x4 /Users/matthew/code/embedded/scooter/arm/CMSIS_CORE_LPC17xx/Debug/libCMSIS_CORE_LPC17xx.a(system_LPC17xx.o)
                0x0000000010000004                SystemCoreClock
                0x0000000010000008                . = ALIGN (0x4)
                0x0000000010000008                _edata = .

.bss_RAM2       0x000000002007c000        0x0
 *(.bss.$RAM2*)
 *(.bss.$RamAHB32*)
                0x000000002007c000                . = ALIGN (0x4)

.bss            0x0000000010000008       0x84
                0x0000000010000008                _bss = .
 *(.bss*)
 .bss.slave_address
                0x0000000010000008        0x1 ./src/i2c.o
 *fill*         0x0000000010000009        0x3 00
 .bss.buf       0x000000001000000c        0x4 ./src/i2c.o
 .bss.buf_len   0x0000000010000010        0x4 ./src/i2c.o
 .bss.num_transferred
                0x0000000010000014        0x4 ./src/i2c.o
 .bss.i2c0_busy
                0x0000000010000018        0x4 ./src/i2c.o
 *(COMMON)
 COMMON         0x000000001000001c       0x70 ./src/i2c.o
                0x000000001000001c                i2c_status_buf
                0x0000000010000080                irqn
                0x0000000010000084                i2c_status_pos
                0x0000000010000088                regs
                0x000000001000008c                . = ALIGN (0x4)
                0x000000001000008c                _ebss = .
                0x000000001000008c                PROVIDE (end, .)

.noinit_RAM2    0x000000002007c000        0x0
 *(.noinit.$RAM2*)
 *(.noinit.$RamAHB32*)
                0x000000002007c000                . = ALIGN (0x4)

.noinit         0x000000001000008c        0x0
                0x000000001000008c                _noinit = .
 *(.noinit*)
                0x000000001000008c                . = ALIGN (0x4)
                0x000000001000008c                _end_noinit = .
                0x000000001000008c                PROVIDE (_pvHeapStart, .)
                0x0000000010008000                PROVIDE (_vStackTop, (__top_RamLoc32 - 0x0))
OUTPUT(adafruit_lsm303.axf elf32-littlearm)

.debug_info     0x0000000000000000     0x196c
 .debug_info    0x0000000000000000      0x2dd ./src/cr_startup_lpc175x_6x.o
 .debug_info    0x00000000000002dd      0xd2b ./src/i2c.o
 .debug_info    0x0000000000001008      0x402 ./src/lsm303.o
 .debug_info    0x000000000000140a      0x1d3 ./src/main.o
 .debug_info    0x00000000000015dd      0x38f /Users/matthew/code/embedded/scooter/arm/CMSIS_CORE_LPC17xx/Debug/libCMSIS_CORE_LPC17xx.a(system_LPC17xx.o)

.debug_abbrev   0x0000000000000000      0x633
 .debug_abbrev  0x0000000000000000      0x12b ./src/cr_startup_lpc175x_6x.o
 .debug_abbrev  0x000000000000012b      0x1e4 ./src/i2c.o
 .debug_abbrev  0x000000000000030f      0x15e ./src/lsm303.o
 .debug_abbrev  0x000000000000046d       0xe3 ./src/main.o
 .debug_abbrev  0x0000000000000550       0xe3 /Users/matthew/code/embedded/scooter/arm/CMSIS_CORE_LPC17xx/Debug/libCMSIS_CORE_LPC17xx.a(system_LPC17xx.o)

.debug_loc      0x0000000000000000      0x480
 .debug_loc     0x0000000000000000      0x102 ./src/cr_startup_lpc175x_6x.o
 .debug_loc     0x0000000000000102      0x218 ./src/i2c.o
 .debug_loc     0x000000000000031a      0x10e ./src/lsm303.o
 .debug_loc     0x0000000000000428       0x38 ./src/main.o
 .debug_loc     0x0000000000000460       0x20 /Users/matthew/code/embedded/scooter/arm/CMSIS_CORE_LPC17xx/Debug/libCMSIS_CORE_LPC17xx.a(system_LPC17xx.o)

.debug_aranges  0x0000000000000000      0x170
 .debug_aranges
                0x0000000000000000       0x80 ./src/cr_startup_lpc175x_6x.o
 .debug_aranges
                0x0000000000000080       0x68 ./src/i2c.o
 .debug_aranges
                0x00000000000000e8       0x40 ./src/lsm303.o
 .debug_aranges
                0x0000000000000128       0x20 ./src/main.o
 .debug_aranges
                0x0000000000000148       0x28 /Users/matthew/code/embedded/scooter/arm/CMSIS_CORE_LPC17xx/Debug/libCMSIS_CORE_LPC17xx.a(system_LPC17xx.o)

.debug_ranges   0x0000000000000000      0x120
 .debug_ranges  0x0000000000000000       0x70 ./src/cr_startup_lpc175x_6x.o
 .debug_ranges  0x0000000000000070       0x58 ./src/i2c.o
 .debug_ranges  0x00000000000000c8       0x30 ./src/lsm303.o
 .debug_ranges  0x00000000000000f8       0x10 ./src/main.o
 .debug_ranges  0x0000000000000108       0x18 /Users/matthew/code/embedded/scooter/arm/CMSIS_CORE_LPC17xx/Debug/libCMSIS_CORE_LPC17xx.a(system_LPC17xx.o)

.debug_line     0x0000000000000000     0x1630
 .debug_line    0x0000000000000000      0x3ed ./src/cr_startup_lpc175x_6x.o
 .debug_line    0x00000000000003ed      0x50f ./src/i2c.o
 .debug_line    0x00000000000008fc      0x461 ./src/lsm303.o
 .debug_line    0x0000000000000d5d      0x48b ./src/main.o
 .debug_line    0x00000000000011e8      0x448 /Users/matthew/code/embedded/scooter/arm/CMSIS_CORE_LPC17xx/Debug/libCMSIS_CORE_LPC17xx.a(system_LPC17xx.o)

.debug_macinfo  0x0000000000000000    0x2bd1e
 .debug_macinfo
                0x0000000000000000     0x3d91 ./src/cr_startup_lpc175x_6x.o
 .debug_macinfo
                0x0000000000003d91     0x9e05 ./src/i2c.o
 .debug_macinfo
                0x000000000000db96     0x9e10 ./src/lsm303.o
 .debug_macinfo
                0x00000000000179a6     0xa40a ./src/main.o
 .debug_macinfo
                0x0000000000021db0     0x9f6e /Users/matthew/code/embedded/scooter/arm/CMSIS_CORE_LPC17xx/Debug/libCMSIS_CORE_LPC17xx.a(system_LPC17xx.o)

.debug_str      0x0000000000000000     0x10e1
 .debug_str     0x0000000000000000      0x259 ./src/cr_startup_lpc175x_6x.o
                                        0x281 (size before relaxing)
 .debug_str     0x0000000000000259      0x6bd ./src/i2c.o
                                        0x7d3 (size before relaxing)
 .debug_str     0x0000000000000916      0x734 ./src/lsm303.o
                                        0x863 (size before relaxing)
 .debug_str     0x000000000000104a       0x1c ./src/main.o
                                        0x1c3 (size before relaxing)
 .debug_str     0x0000000000001066       0x7b /Users/matthew/code/embedded/scooter/arm/CMSIS_CORE_LPC17xx/Debug/libCMSIS_CORE_LPC17xx.a(system_LPC17xx.o)
                                        0x2b5 (size before relaxing)

.comment        0x0000000000000000       0xe0
 .comment       0x0000000000000000       0x70 ./src/cr_startup_lpc175x_6x.o
                                         0x71 (size before relaxing)
 .comment       0x0000000000000000       0x71 ./src/i2c.o
 .comment       0x0000000000000000       0x71 ./src/lsm303.o
 .comment       0x0000000000000000       0x71 ./src/main.o
 .comment       0x0000000000000000       0x71 /Users/matthew/code/embedded/scooter/arm/CMSIS_CORE_LPC17xx/Debug/libCMSIS_CORE_LPC17xx.a(system_LPC17xx.o)
 .comment       0x0000000000000000       0x71 /Applications/lpcxpresso_6.1.0_164/lpcxpresso/tools/bin/../lib/gcc/arm-none-eabi/4.6.2/../../../../arm-none-eabi/lib/armv7-m/libcr_c.a(__weak__main.o)
 .comment       0x0000000000000070       0x70 /Applications/lpcxpresso_6.1.0_164/lpcxpresso/tools/bin/../lib/gcc/arm-none-eabi/4.6.2/armv7-m/libcr_eabihelpers.a(float.o)
                                         0x71 (size before relaxing)

.ARM.attributes
                0x0000000000000000       0x31
 .ARM.attributes
                0x0000000000000000       0x33 ./src/cr_startup_lpc175x_6x.o
 .ARM.attributes
                0x0000000000000033       0x33 ./src/i2c.o
 .ARM.attributes
                0x0000000000000066       0x33 ./src/lsm303.o
 .ARM.attributes
                0x0000000000000099       0x33 ./src/main.o
 .ARM.attributes
                0x00000000000000cc       0x33 /Users/matthew/code/embedded/scooter/arm/CMSIS_CORE_LPC17xx/Debug/libCMSIS_CORE_LPC17xx.a(system_LPC17xx.o)
 .ARM.attributes
                0x00000000000000ff       0x33 /Applications/lpcxpresso_6.1.0_164/lpcxpresso/tools/bin/../lib/gcc/arm-none-eabi/4.6.2/../../../../arm-none-eabi/lib/armv7-m/libcr_c.a(__weak__main.o)
 .ARM.attributes
                0x0000000000000132       0x21 /Applications/lpcxpresso_6.1.0_164/lpcxpresso/tools/bin/../lib/gcc/arm-none-eabi/4.6.2/armv7-m/libcr_eabihelpers.a(division.o)
 .ARM.attributes
                0x0000000000000153       0x33 /Applications/lpcxpresso_6.1.0_164/lpcxpresso/tools/bin/../lib/gcc/arm-none-eabi/4.6.2/armv7-m/libcr_eabihelpers.a(float.o)

.debug_frame    0x0000000000000000      0x33c
 .debug_frame   0x0000000000000000       0xf4 ./src/cr_startup_lpc175x_6x.o
 .debug_frame   0x00000000000000f4      0x12c ./src/i2c.o
 .debug_frame   0x0000000000000220       0xb0 ./src/lsm303.o
 .debug_frame   0x00000000000002d0       0x30 ./src/main.o
 .debug_frame   0x0000000000000300       0x3c /Users/matthew/code/embedded/scooter/arm/CMSIS_CORE_LPC17xx/Debug/libCMSIS_CORE_LPC17xx.a(system_LPC17xx.o)
