02:32:53 **** Incremental Build of configuration Debug for project timerblink ****
make all 
Building file: ../src/blinky.c
Invoking: MCU C Compiler
arm-none-eabi-gcc -D__REDLIB__ -DDEBUG -D__CODE_RED -DCORE_M3 -D__USE_CMSIS=CMSIS_CORE_LPC17xx -D__LPC17XX__ -I"/Users/matthew/code/embedded/scooter/arm/CMSIS_CORE_LPC17xx/inc" -O0 -g3 -Wall -c -fmessage-length=0 -fno-builtin -ffunction-sections -fdata-sections -std=c99 -mcpu=cortex-m3 -mthumb -MMD -MP -MF"src/blinky.d" -MT"src/blinky.d" -o "src/blinky.o" "../src/blinky.c"
Finished building: ../src/blinky.c
 
Building target: timerblink.axf
Invoking: MCU Linker
arm-none-eabi-gcc -nostdlib -L"/Users/matthew/code/embedded/scooter/arm/CMSIS_CORE_LPC17xx/Debug" -Xlinker -Map="timerblink.map" -Xlinker --gc-sections -mcpu=cortex-m3 -mthumb -T "timerblink_Debug.ld" -o "timerblink.axf"  ./src/blinky.o ./src/cr_startup_lpc175x_6x.o   -lCMSIS_CORE_LPC17xx
Finished building target: timerblink.axf
 
make --no-print-directory post-build
Performing post-build steps
arm-none-eabi-size "timerblink.axf"; # arm-none-eabi-objcopy -O binary "timerblink.axf" "timerblink.bin" ; checksum -p LPC1769 -d "timerblink.bin";
   text	   data	    bss	    dec	    hex	filename
   1172	      0	      4	   1176	    498	timerblink.axf
 

02:32:53 Build Finished (took 369ms)

